\BOOKMARK [1][-]{section.2.1}{\376\377\0001\000\040\000E\000i\000n\000l\000e\000i\000t\000u\000n\000g}{}% 1
\BOOKMARK [1][-]{section.2.2}{\376\377\0002\000\040\000D\000i\000e\000\040\000E\000n\000e\000r\000g\000i\000e}{}% 2
\BOOKMARK [2][-]{subsection.2.2.1}{\376\377\0002\000.\0001\000\040\000D\000e\000r\000\040\000E\000n\000e\000r\000g\000i\000e\000e\000r\000h\000a\000l\000t\000u\000n\000g\000s\000s\000a\000t\000z}{section.2.2}% 3
\BOOKMARK [2][-]{subsection.2.2.2}{\376\377\0002\000.\0002\000\040\000D\000i\000e\000\040\000v\000e\000r\000s\000c\000h\000i\000e\000d\000e\000n\000e\000n\000\040\000E\000n\000e\000r\000g\000i\000e\000f\000o\000r\000m\000e\000n}{section.2.2}% 4
\BOOKMARK [2][-]{subsection.2.2.3}{\376\377\0002\000.\0003\000\040\000D\000i\000e\000\040\000e\000l\000e\000k\000t\000r\000i\000s\000c\000h\000e\000\040\000E\000n\000e\000r\000g\000i\000e}{section.2.2}% 5
\BOOKMARK [2][-]{subsection.2.2.4}{\376\377\0002\000.\0004\000\040\000E\000l\000e\000k\000t\000r\000i\000s\000c\000h\000e\000\040\000E\000n\000e\000r\000g\000i\000e\000s\000p\000e\000i\000c\000h\000e\000r}{section.2.2}% 6
\BOOKMARK [1][-]{section.2.3}{\376\377\0003\000\040\000D\000i\000e\000\040\000A\000r\000b\000e\000i\000t}{}% 7
\BOOKMARK [2][-]{subsection.2.3.1}{\376\377\0003\000.\0001\000\040\000D\000i\000e\000\040\000e\000l\000e\000k\000t\000r\000i\000s\000c\000h\000e\000\040\000A\000r\000b\000e\000i\000t}{section.2.3}% 8
\BOOKMARK [2][-]{subsection.2.3.2}{\376\377\0003\000.\0002\000\040\000W\000e\000g\000i\000n\000t\000e\000g\000r\000a\000l\000\040\000d\000e\000r\000\040\000e\000l\000e\000k\000t\000r\000i\000s\000c\000h\000e\000n\000\040\000A\000r\000b\000e\000i\000t}{section.2.3}% 9
\BOOKMARK [1][-]{section.2.4}{\376\377\0004\000\040\000D\000i\000e\000\040\000L\000e\000i\000s\000t\000u\000n\000g}{}% 10
\BOOKMARK [2][-]{subsection.2.4.1}{\376\377\0004\000.\0001\000\040\000D\000i\000e\000\040\000e\000l\000e\000k\000t\000r\000i\000s\000c\000h\000e\000\040\000L\000e\000i\000s\000t\000u\000n\000g}{section.2.4}% 11
\BOOKMARK [2][-]{subsection.2.4.2}{\376\377\0004\000.\0002\000\040\000D\000i\000e\000\040\000v\000e\000r\000s\000c\000h\000i\000e\000d\000e\000n\000e\000n\000\040\000L\000e\000i\000s\000t\000u\000n\000g\000s\000a\000r\000t\000e\000n}{section.2.4}% 12
\BOOKMARK [1][-]{section.2.5}{\376\377\0005\000\040\000D\000e\000r\000\040\000W\000i\000r\000k\000u\000n\000g\000s\000g\000r\000a\000d}{}% 13
\BOOKMARK [2][-]{subsection.2.5.1}{\376\377\0005\000.\0001\000\040\000B\000e\000r\000e\000c\000h\000n\000u\000n\000g\000\040\000d\000e\000s\000\040\000W\000i\000r\000k\000u\000n\000g\000s\000g\000r\000a\000d\000e\000s}{section.2.5}% 14
\BOOKMARK [2][-]{subsection.2.5.2}{\376\377\0005\000.\0002\000\040\000V\000e\000r\000l\000u\000s\000t\000m\000e\000c\000h\000a\000n\000i\000s\000m\000e\000n\000\040\000e\000i\000n\000e\000s\000\040\000L\000e\000u\000c\000h\000t\000m\000i\000t\000t\000e\000l\000s}{section.2.5}% 15
\BOOKMARK [1][-]{appendix.A}{\376\377\000A\000\040\000\334\000b\000u\000n\000g\000s\000a\000u\000f\000g\000a\000b\000e\000n}{}% 16
\BOOKMARK [2][-]{subsection.A.1}{\376\377\000A\000.\0001\000\040\000A\000r\000b\000e\000i\000t\000\040\000u\000n\000d\000\040\000E\000n\000e\000r\000g\000i\000e}{appendix.A}% 17
\BOOKMARK [2][-]{subsection.A.2}{\376\377\000A\000.\0002\000\040\000H\000\366\000h\000e\000n\000e\000n\000e\000r\000g\000i\000e\000\040\000i\000m\000\040\000S\000t\000a\000u\000s\000e\000e}{appendix.A}% 18
\BOOKMARK [2][-]{subsection.A.3}{\376\377\000A\000.\0003\000\040\000B\000e\000w\000e\000g\000u\000n\000g\000s\000e\000n\000e\000r\000g\000i\000e\000\040\000e\000i\000n\000e\000s\000\040\000A\000u\000t\000o\000s}{appendix.A}% 19
\BOOKMARK [2][-]{subsection.A.4}{\376\377\000A\000.\0004\000\040\000E\000l\000e\000k\000t\000r\000i\000s\000c\000h\000e\000\040\000E\000n\000e\000r\000g\000i\000e\000\040\000e\000i\000n\000e\000s\000\040\000G\000e\000r\000\344\000t\000s}{appendix.A}% 20
\BOOKMARK [2][-]{subsection.A.5}{\376\377\000A\000.\0005\000\040\000E\000n\000e\000r\000g\000i\000e\000\040\000u\000n\000d\000\040\000L\000e\000i\000s\000t\000u\000n\000g}{appendix.A}% 21
\BOOKMARK [2][-]{subsection.A.6}{\376\377\000A\000.\0006\000\040\000W\000i\000r\000k\000u\000n\000g\000s\000g\000r\000a\000d}{appendix.A}% 22
\BOOKMARK [1][-]{appendix.B}{\376\377\000B\000\040\000L\000\366\000s\000u\000n\000g\000e\000n\000\040\000z\000u\000\040\000d\000e\000n\000\040\000\334\000b\000u\000n\000g\000s\000a\000u\000f\000g\000a\000b\000e\000n}{}% 23
\BOOKMARK [2][-]{subsection.B.1}{\376\377\000B\000.\0001\000\040\000A\000r\000b\000e\000i\000t\000\040\000u\000n\000d\000\040\000E\000n\000e\000r\000g\000i\000e}{appendix.B}% 24
\BOOKMARK [2][-]{subsection.B.2}{\376\377\000B\000.\0002\000\040\000H\000\366\000h\000e\000n\000e\000n\000e\000r\000g\000i\000e\000\040\000i\000m\000\040\000S\000t\000a\000u\000s\000e\000e}{appendix.B}% 25
\BOOKMARK [2][-]{subsection.B.3}{\376\377\000B\000.\0003\000\040\000B\000e\000w\000e\000g\000u\000n\000g\000s\000e\000n\000e\000r\000g\000i\000e\000\040\000e\000i\000n\000e\000s\000\040\000A\000u\000t\000o\000s}{appendix.B}% 26
\BOOKMARK [2][-]{subsection.B.4}{\376\377\000B\000.\0004\000\040\000E\000l\000e\000k\000t\000r\000i\000s\000c\000h\000e\000\040\000E\000n\000e\000r\000g\000i\000e\000\040\000e\000i\000n\000e\000s\000\040\000G\000e\000r\000\344\000t\000s}{appendix.B}% 27
\BOOKMARK [2][-]{subsection.B.5}{\376\377\000B\000.\0005\000\040\000E\000n\000e\000r\000g\000i\000e\000\040\000u\000n\000d\000\040\000L\000e\000i\000s\000t\000u\000n\000g}{appendix.B}% 28
\BOOKMARK [2][-]{subsection.B.6}{\376\377\000B\000.\0006\000\040\000W\000i\000r\000k\000u\000n\000g\000s\000g\000r\000a\000d}{appendix.B}% 29
